
Memory Configuration

Name             Origin             Length             Attributes
ram              0x00400000         0x04000000
rom              0x60000000         0x01000000
*default*        0x00000000         0xffffffff

Linker script and memory map


.data           0x00400000        0x0
                0x00400000                _DataStart = .
 *(.data)
 .data          0x00400000        0x0 led.o
 .data          0x00400000        0x0 blink.o
                0x00400000                _DataEnd = .

.igot.plt       0x00400000        0x0
 .igot.plt      0x00000000        0x0 led.o

.bss            0x00400000        0x0
                0x00400000                _BssStart = .
 *(.bss)
 .bss           0x00400000        0x0 led.o
 .bss           0x00400000        0x0 blink.o
                0x00400000                _BssEnd = .

.text           0x00400000      0x13c
 *(.text)
 .text          0x00400000       0xa4 led.o
                0x00400000                ledInit
                0x00400054                ledToggle
 .text          0x004000a4       0x98 blink.o
                0x004000a4                delay_ms
                0x00400104                main
LOAD led.o
LOAD blink.o
OUTPUT(blink elf32-littlearm)

.glue_7         0x0040013c        0x0
 .glue_7        0x00000000        0x0 linker stubs

.glue_7t        0x0040013c        0x0
 .glue_7t       0x00000000        0x0 linker stubs

.vfp11_veneer   0x0040013c        0x0
 .vfp11_veneer  0x00000000        0x0 linker stubs

.v4_bx          0x0040013c        0x0
 .v4_bx         0x00000000        0x0 linker stubs

.iplt           0x0040013c        0x0
 .iplt          0x00000000        0x0 led.o

.rel.dyn        0x0040013c        0x0
 .rel.iplt      0x00000000        0x0 led.o

.debug_info     0x00000000      0x120
 .debug_info    0x00000000       0x7d led.o
 .debug_info    0x0000007d       0xa3 blink.o

.debug_abbrev   0x00000000       0xd2
 .debug_abbrev  0x00000000       0x4f led.o
 .debug_abbrev  0x0000004f       0x83 blink.o

.debug_aranges  0x00000000       0x40
 .debug_aranges
                0x00000000       0x20 led.o
 .debug_aranges
                0x00000020       0x20 blink.o

.debug_line     0x00000000       0xaa
 .debug_line    0x00000000       0x54 led.o
 .debug_line    0x00000054       0x56 blink.o

.debug_str      0x00000000       0xd1
 .debug_str     0x00000000       0x9e led.o
                                 0xb7 (size before relaxing)
 .debug_str     0x0000009e       0x33 blink.o
                                 0xc9 (size before relaxing)

.comment        0x00000000       0x70
 .comment       0x00000000       0x70 led.o
                                 0x71 (size before relaxing)
 .comment       0x00000000       0x71 blink.o

.ARM.attributes
                0x00000000       0x30
 .ARM.attributes
                0x00000000       0x30 led.o
 .ARM.attributes
                0x00000030       0x30 blink.o

.debug_frame    0x00000000       0x84
 .debug_frame   0x00000000       0x40 led.o
 .debug_frame   0x00000040       0x44 blink.o
